// Vitest Snapshot v1

exports[`TheAnimalTable > mounts and is still the same 1`] = `
"<table data-v-5893c39c=\\"\\">
  <thead data-v-5893c39c=\\"\\">
    <tr class=\\"bg-gray-200 border-b-2 border-t-2 border-gray-500\\" data-v-5893c39c=\\"\\">
      <th data-v-5893c39c=\\"\\">Index</th>
      <th data-v-5893c39c=\\"\\">Species</th>
      <th data-v-5893c39c=\\"\\">Name</th>
      <th data-v-5893c39c=\\"\\">Gender</th>
      <th data-v-5893c39c=\\"\\">Age (yrs)</th>
      <th data-v-5893c39c=\\"\\">Favorite Fruit</th>
      <th data-v-5893c39c=\\"\\">Weight (kg)</th>
      <th data-v-5893c39c=\\"\\">Height (m)</th>
      <th data-v-5893c39c=\\"\\">Food Required For Next Month(kg)</th>
    </tr>
  </thead>
  <tbody data-v-5893c39c=\\"\\"></tbody>
</table>"
`;
